// Jest Snapshot v1, https://goo.gl/fbAQLP

exports[`ExerciseTile renders 1`] = `
<Styled(styled.div)
  onClick={[Function]}
>
  <Styled(styled.div)
    className="exercise"
    style={
      Object {
        "backgroundImage": "url(undefined)",
      }
    }
  />
  <Styled(styled.div)>
    <h4 />
  </Styled(styled.div)>
</Styled(styled.div)>
`;
